--------------------------------------------------------------------------------
Release 14.7 Trace  (nt64)
Copyright (c) 1995-2013 Xilinx, Inc.  All rights reserved.

C:\Xilinx\14.7\ISE_DS\ISE\bin\nt64\unwrapped\trce.exe -intstyle ise -v 3 -s 1
-n 3 -fastpaths -xml MIPS.twx MIPS.ncd -o MIPS.twr MIPS.pcf

Design file:              MIPS.ncd
Physical constraint file: MIPS.pcf
Device,package,speed:     xc7a100t,csg324,C,-1 (PRODUCTION 1.10 2013-10-13)
Report level:             verbose report

Environment Variable      Effect 
--------------------      ------ 
NONE                      No environment variables were set
--------------------------------------------------------------------------------

INFO:Timing:2698 - No timing constraints found, doing default enumeration.
INFO:Timing:3412 - To improve timing, see the Timing Closure User Guide (UG612).
INFO:Timing:2752 - To get complete path coverage, use the unconstrained paths 
   option. All paths that are not constrained will be reported in the 
   unconstrained paths section(s) of the report.
INFO:Timing:3339 - The clock-to-out numbers in this timing report are based on 
   a 50 Ohm transmission line loading model.  For the details of this model, 
   and for more information on accounting for different loading conditions, 
   please see the device datasheet.



Data Sheet report:
-----------------
All values displayed in nanoseconds (ns)

Setup/Hold to clock CLK
------------+------------+------------+------------+------------+------------------+--------+
            |Max Setup to|  Process   |Max Hold to |  Process   |                  | Clock  |
Source      | clk (edge) |   Corner   | clk (edge) |   Corner   |Internal Clock(s) | Phase  |
------------+------------+------------+------------+------------+------------------+--------+
Data_In<0>  |    0.753(R)|      FAST  |    1.136(R)|      SLOW  |CLK_BUFGP         |   0.000|
Data_In<1>  |    0.708(R)|      FAST  |    1.408(R)|      SLOW  |CLK_BUFGP         |   0.000|
Data_In<2>  |    0.944(R)|      FAST  |    0.940(R)|      SLOW  |CLK_BUFGP         |   0.000|
Data_In<3>  |    0.724(R)|      FAST  |    1.165(R)|      SLOW  |CLK_BUFGP         |   0.000|
Data_In<4>  |    0.745(R)|      FAST  |    1.165(R)|      SLOW  |CLK_BUFGP         |   0.000|
Data_In<5>  |    0.676(R)|      FAST  |    1.468(R)|      SLOW  |CLK_BUFGP         |   0.000|
Data_In<6>  |    0.816(R)|      FAST  |    1.132(R)|      SLOW  |CLK_BUFGP         |   0.000|
Data_In<7>  |    0.927(R)|      FAST  |    1.142(R)|      SLOW  |CLK_BUFGP         |   0.000|
Data_In<8>  |    0.777(R)|      FAST  |    1.306(R)|      SLOW  |CLK_BUFGP         |   0.000|
Data_In<9>  |    0.621(R)|      FAST  |    1.398(R)|      SLOW  |CLK_BUFGP         |   0.000|
Data_In<10> |    0.913(R)|      FAST  |    0.912(R)|      SLOW  |CLK_BUFGP         |   0.000|
Data_In<11> |    0.778(R)|      FAST  |    1.223(R)|      SLOW  |CLK_BUFGP         |   0.000|
Data_In<12> |    1.465(R)|      SLOW  |    0.613(R)|      SLOW  |CLK_BUFGP         |   0.000|
Data_In<13> |    1.210(R)|      SLOW  |    0.766(R)|      SLOW  |CLK_BUFGP         |   0.000|
Data_In<14> |    0.913(R)|      FAST  |    0.858(R)|      SLOW  |CLK_BUFGP         |   0.000|
Data_In<15> |    1.140(R)|      SLOW  |    0.683(R)|      SLOW  |CLK_BUFGP         |   0.000|
Data_In<16> |    1.253(R)|      SLOW  |    0.724(R)|      SLOW  |CLK_BUFGP         |   0.000|
Data_In<17> |    1.153(R)|      SLOW  |    0.614(R)|      SLOW  |CLK_BUFGP         |   0.000|
Data_In<18> |    0.841(R)|      FAST  |    1.031(R)|      SLOW  |CLK_BUFGP         |   0.000|
Data_In<19> |    0.863(R)|      FAST  |    1.168(R)|      SLOW  |CLK_BUFGP         |   0.000|
Data_In<20> |    1.468(R)|      SLOW  |    0.417(R)|      SLOW  |CLK_BUFGP         |   0.000|
Data_In<21> |    0.956(R)|      SLOW  |    0.705(R)|      SLOW  |CLK_BUFGP         |   0.000|
Data_In<22> |    1.196(R)|      SLOW  |    0.638(R)|      SLOW  |CLK_BUFGP         |   0.000|
Data_In<23> |    0.943(R)|      FAST  |    1.116(R)|      SLOW  |CLK_BUFGP         |   0.000|
Data_In<24> |    0.809(R)|      FAST  |    0.965(R)|      SLOW  |CLK_BUFGP         |   0.000|
Data_In<25> |    0.823(R)|      FAST  |    1.044(R)|      SLOW  |CLK_BUFGP         |   0.000|
Data_In<26> |    0.900(R)|      FAST  |    0.871(R)|      SLOW  |CLK_BUFGP         |   0.000|
Data_In<27> |    1.005(R)|      SLOW  |    0.798(R)|      SLOW  |CLK_BUFGP         |   0.000|
Data_In<28> |    0.863(R)|      FAST  |    1.011(R)|      SLOW  |CLK_BUFGP         |   0.000|
Data_In<29> |    0.841(R)|      FAST  |    1.072(R)|      SLOW  |CLK_BUFGP         |   0.000|
Data_In<30> |    1.033(R)|      SLOW  |    0.774(R)|      SLOW  |CLK_BUFGP         |   0.000|
Data_In<31> |    0.993(R)|      FAST  |    0.882(R)|      SLOW  |CLK_BUFGP         |   0.000|
Instr<0>    |    9.979(R)|      SLOW  |    0.319(R)|      SLOW  |CLK_BUFGP         |   0.000|
Instr<1>    |    9.372(R)|      SLOW  |    0.630(R)|      SLOW  |CLK_BUFGP         |   0.000|
Instr<2>    |    9.351(R)|      SLOW  |    0.499(R)|      SLOW  |CLK_BUFGP         |   0.000|
Instr<3>    |    9.873(R)|      SLOW  |   -0.060(R)|      SLOW  |CLK_BUFGP         |   0.000|
Instr<4>    |    9.832(R)|      SLOW  |    0.175(R)|      SLOW  |CLK_BUFGP         |   0.000|
Instr<5>    |    9.613(R)|      SLOW  |    0.377(R)|      SLOW  |CLK_BUFGP         |   0.000|
Instr<6>    |    9.033(R)|      SLOW  |    1.717(R)|      SLOW  |CLK_BUFGP         |   0.000|
Instr<7>    |    8.729(R)|      SLOW  |    0.452(R)|      SLOW  |CLK_BUFGP         |   0.000|
Instr<8>    |    8.883(R)|      SLOW  |    1.702(R)|      SLOW  |CLK_BUFGP         |   0.000|
Instr<9>    |    9.376(R)|      SLOW  |    1.457(R)|      SLOW  |CLK_BUFGP         |   0.000|
Instr<10>   |    8.460(R)|      SLOW  |    1.687(R)|      SLOW  |CLK_BUFGP         |   0.000|
Instr<11>   |    9.194(R)|      SLOW  |    0.999(R)|      SLOW  |CLK_BUFGP         |   0.000|
Instr<12>   |    9.213(R)|      SLOW  |    1.191(R)|      SLOW  |CLK_BUFGP         |   0.000|
Instr<13>   |    8.546(R)|      SLOW  |    1.395(R)|      SLOW  |CLK_BUFGP         |   0.000|
Instr<14>   |    8.668(R)|      SLOW  |    1.047(R)|      SLOW  |CLK_BUFGP         |   0.000|
Instr<15>   |   10.565(R)|      SLOW  |    1.079(R)|      SLOW  |CLK_BUFGP         |   0.000|
Instr<16>   |   10.201(R)|      SLOW  |    2.037(R)|      SLOW  |CLK_BUFGP         |   0.000|
Instr<17>   |   10.794(R)|      SLOW  |    1.201(R)|      SLOW  |CLK_BUFGP         |   0.000|
Instr<18>   |   11.126(R)|      SLOW  |    0.902(R)|      SLOW  |CLK_BUFGP         |   0.000|
Instr<19>   |   10.677(R)|      SLOW  |    1.273(R)|      SLOW  |CLK_BUFGP         |   0.000|
Instr<20>   |   10.448(R)|      SLOW  |    0.907(R)|      SLOW  |CLK_BUFGP         |   0.000|
Instr<21>   |   11.085(R)|      SLOW  |    0.271(R)|      SLOW  |CLK_BUFGP         |   0.000|
Instr<22>   |   10.191(R)|      SLOW  |    0.895(R)|      SLOW  |CLK_BUFGP         |   0.000|
Instr<23>   |   11.284(R)|      SLOW  |    0.582(R)|      SLOW  |CLK_BUFGP         |   0.000|
Instr<24>   |    9.645(R)|      SLOW  |    1.047(R)|      SLOW  |CLK_BUFGP         |   0.000|
Instr<25>   |   10.112(R)|      SLOW  |    0.333(R)|      SLOW  |CLK_BUFGP         |   0.000|
Instr<26>   |   13.056(R)|      SLOW  |   -0.115(R)|      SLOW  |CLK_BUFGP         |   0.000|
Instr<27>   |   12.388(R)|      SLOW  |    0.638(R)|      SLOW  |CLK_BUFGP         |   0.000|
Instr<28>   |   12.628(R)|      SLOW  |    0.142(R)|      SLOW  |CLK_BUFGP         |   0.000|
Instr<29>   |   12.863(R)|      SLOW  |   -0.265(R)|      SLOW  |CLK_BUFGP         |   0.000|
Instr<30>   |   11.697(R)|      SLOW  |    0.605(R)|      SLOW  |CLK_BUFGP         |   0.000|
Instr<31>   |   13.022(R)|      SLOW  |   -0.230(R)|      SLOW  |CLK_BUFGP         |   0.000|
RESET       |    0.745(R)|      FAST  |    1.006(R)|      SLOW  |CLK_BUFGP         |   0.000|
------------+------------+------------+------------+------------+------------------+--------+

Clock CLK to Pad
--------------+-----------------+------------+-----------------+------------+------------------+--------+
              |Max (slowest) clk|  Process   |Min (fastest) clk|  Process   |                  | Clock  |
Destination   |  (edge) to PAD  |   Corner   |  (edge) to PAD  |   Corner   |Internal Clock(s) | Phase  |
--------------+-----------------+------------+-----------------+------------+------------------+--------+
Addr_Data<0>  |        15.334(R)|      SLOW  |         4.403(R)|      FAST  |CLK_BUFGP         |   0.000|
Addr_Data<1>  |        14.322(R)|      SLOW  |         4.368(R)|      FAST  |CLK_BUFGP         |   0.000|
Addr_Data<2>  |        14.164(R)|      SLOW  |         4.172(R)|      FAST  |CLK_BUFGP         |   0.000|
Addr_Data<3>  |        14.405(R)|      SLOW  |         4.180(R)|      FAST  |CLK_BUFGP         |   0.000|
Addr_Data<4>  |        14.631(R)|      SLOW  |         4.299(R)|      FAST  |CLK_BUFGP         |   0.000|
Addr_Data<5>  |        14.887(R)|      SLOW  |         4.063(R)|      FAST  |CLK_BUFGP         |   0.000|
Addr_Data<6>  |        15.386(R)|      SLOW  |         4.438(R)|      FAST  |CLK_BUFGP         |   0.000|
Addr_Data<7>  |        14.940(R)|      SLOW  |         4.469(R)|      FAST  |CLK_BUFGP         |   0.000|
Addr_Data<8>  |        14.984(R)|      SLOW  |         4.361(R)|      FAST  |CLK_BUFGP         |   0.000|
Addr_Data<9>  |        15.150(R)|      SLOW  |         4.315(R)|      FAST  |CLK_BUFGP         |   0.000|
Addr_Data<10> |        15.645(R)|      SLOW  |         4.313(R)|      FAST  |CLK_BUFGP         |   0.000|
Addr_Data<11> |        15.125(R)|      SLOW  |         4.260(R)|      FAST  |CLK_BUFGP         |   0.000|
Addr_Data<12> |        15.780(R)|      SLOW  |         4.534(R)|      FAST  |CLK_BUFGP         |   0.000|
Addr_Data<13> |        15.294(R)|      SLOW  |         4.414(R)|      FAST  |CLK_BUFGP         |   0.000|
Addr_Data<14> |        15.472(R)|      SLOW  |         4.508(R)|      FAST  |CLK_BUFGP         |   0.000|
Addr_Data<15> |        15.184(R)|      SLOW  |         4.379(R)|      FAST  |CLK_BUFGP         |   0.000|
Addr_Data<16> |        16.934(R)|      SLOW  |         5.011(R)|      FAST  |CLK_BUFGP         |   0.000|
Addr_Data<17> |        16.585(R)|      SLOW  |         4.689(R)|      FAST  |CLK_BUFGP         |   0.000|
Addr_Data<18> |        15.601(R)|      SLOW  |         4.557(R)|      FAST  |CLK_BUFGP         |   0.000|
Addr_Data<19> |        15.469(R)|      SLOW  |         4.497(R)|      FAST  |CLK_BUFGP         |   0.000|
Addr_Data<20> |        16.033(R)|      SLOW  |         4.546(R)|      FAST  |CLK_BUFGP         |   0.000|
Addr_Data<21> |        16.517(R)|      SLOW  |         4.697(R)|      FAST  |CLK_BUFGP         |   0.000|
Addr_Data<22> |        16.883(R)|      SLOW  |         4.552(R)|      FAST  |CLK_BUFGP         |   0.000|
Addr_Data<23> |        17.041(R)|      SLOW  |         4.573(R)|      FAST  |CLK_BUFGP         |   0.000|
Addr_Data<24> |        16.528(R)|      SLOW  |         4.870(R)|      FAST  |CLK_BUFGP         |   0.000|
Addr_Data<25> |        17.172(R)|      SLOW  |         4.938(R)|      FAST  |CLK_BUFGP         |   0.000|
Addr_Data<26> |        17.445(R)|      SLOW  |         4.958(R)|      FAST  |CLK_BUFGP         |   0.000|
Addr_Data<27> |        16.643(R)|      SLOW  |         4.533(R)|      FAST  |CLK_BUFGP         |   0.000|
Addr_Data<28> |        16.791(R)|      SLOW  |         4.634(R)|      FAST  |CLK_BUFGP         |   0.000|
Addr_Data<29> |        17.102(R)|      SLOW  |         4.778(R)|      FAST  |CLK_BUFGP         |   0.000|
Addr_Data<30> |        16.485(R)|      SLOW  |         4.561(R)|      FAST  |CLK_BUFGP         |   0.000|
Addr_Data<31> |        17.322(R)|      SLOW  |         5.007(R)|      FAST  |CLK_BUFGP         |   0.000|
Addr_Instr<2> |        10.119(R)|      SLOW  |         3.426(R)|      FAST  |CLK_BUFGP         |   0.000|
Addr_Instr<3> |        10.142(R)|      SLOW  |         3.453(R)|      FAST  |CLK_BUFGP         |   0.000|
Addr_Instr<4> |        10.117(R)|      SLOW  |         3.439(R)|      FAST  |CLK_BUFGP         |   0.000|
Addr_Instr<5> |        10.359(R)|      SLOW  |         3.492(R)|      FAST  |CLK_BUFGP         |   0.000|
Addr_Instr<6> |        10.080(R)|      SLOW  |         3.333(R)|      FAST  |CLK_BUFGP         |   0.000|
Addr_Instr<7> |        10.191(R)|      SLOW  |         3.427(R)|      FAST  |CLK_BUFGP         |   0.000|
Addr_Instr<8> |        10.268(R)|      SLOW  |         3.442(R)|      FAST  |CLK_BUFGP         |   0.000|
Addr_Instr<9> |        10.085(R)|      SLOW  |         3.335(R)|      FAST  |CLK_BUFGP         |   0.000|
Addr_Instr<10>|         9.954(R)|      SLOW  |         3.280(R)|      FAST  |CLK_BUFGP         |   0.000|
Addr_Instr<11>|         9.950(R)|      SLOW  |         3.296(R)|      FAST  |CLK_BUFGP         |   0.000|
Addr_Instr<12>|        10.204(R)|      SLOW  |         3.417(R)|      FAST  |CLK_BUFGP         |   0.000|
Addr_Instr<13>|        10.134(R)|      SLOW  |         3.393(R)|      FAST  |CLK_BUFGP         |   0.000|
Addr_Instr<14>|        10.297(R)|      SLOW  |         3.453(R)|      FAST  |CLK_BUFGP         |   0.000|
Addr_Instr<15>|        10.172(R)|      SLOW  |         3.418(R)|      FAST  |CLK_BUFGP         |   0.000|
Addr_Instr<16>|        10.333(R)|      SLOW  |         3.496(R)|      FAST  |CLK_BUFGP         |   0.000|
Addr_Instr<17>|        10.406(R)|      SLOW  |         3.525(R)|      FAST  |CLK_BUFGP         |   0.000|
Addr_Instr<18>|        10.356(R)|      SLOW  |         3.492(R)|      FAST  |CLK_BUFGP         |   0.000|
Addr_Instr<19>|        10.360(R)|      SLOW  |         3.491(R)|      FAST  |CLK_BUFGP         |   0.000|
Addr_Instr<20>|        10.480(R)|      SLOW  |         3.534(R)|      FAST  |CLK_BUFGP         |   0.000|
Addr_Instr<21>|        10.286(R)|      SLOW  |         3.417(R)|      FAST  |CLK_BUFGP         |   0.000|
Addr_Instr<22>|        10.545(R)|      SLOW  |         3.575(R)|      FAST  |CLK_BUFGP         |   0.000|
Addr_Instr<23>|        10.412(R)|      SLOW  |         3.513(R)|      FAST  |CLK_BUFGP         |   0.000|
Addr_Instr<24>|        10.808(R)|      SLOW  |         3.684(R)|      FAST  |CLK_BUFGP         |   0.000|
Addr_Instr<25>|        10.630(R)|      SLOW  |         3.568(R)|      FAST  |CLK_BUFGP         |   0.000|
Addr_Instr<26>|        10.703(R)|      SLOW  |         3.615(R)|      FAST  |CLK_BUFGP         |   0.000|
Addr_Instr<27>|        10.634(R)|      SLOW  |         3.634(R)|      FAST  |CLK_BUFGP         |   0.000|
Addr_Instr<28>|        10.668(R)|      SLOW  |         3.607(R)|      FAST  |CLK_BUFGP         |   0.000|
Addr_Instr<29>|        10.733(R)|      SLOW  |         3.568(R)|      FAST  |CLK_BUFGP         |   0.000|
Addr_Instr<30>|        10.721(R)|      SLOW  |         3.603(R)|      FAST  |CLK_BUFGP         |   0.000|
Addr_Instr<31>|        10.994(R)|      SLOW  |         3.740(R)|      FAST  |CLK_BUFGP         |   0.000|
Data_Out<0>   |        12.506(R)|      SLOW  |         4.318(R)|      FAST  |CLK_BUFGP         |   0.000|
Data_Out<1>   |        12.299(R)|      SLOW  |         4.240(R)|      FAST  |CLK_BUFGP         |   0.000|
Data_Out<2>   |        12.260(R)|      SLOW  |         4.128(R)|      FAST  |CLK_BUFGP         |   0.000|
Data_Out<3>   |        12.198(R)|      SLOW  |         4.143(R)|      FAST  |CLK_BUFGP         |   0.000|
Data_Out<4>   |        12.453(R)|      SLOW  |         4.227(R)|      FAST  |CLK_BUFGP         |   0.000|
Data_Out<5>   |        12.461(R)|      SLOW  |         4.265(R)|      FAST  |CLK_BUFGP         |   0.000|
Data_Out<6>   |        12.622(R)|      SLOW  |         4.384(R)|      FAST  |CLK_BUFGP         |   0.000|
Data_Out<7>   |        12.166(R)|      SLOW  |         4.213(R)|      FAST  |CLK_BUFGP         |   0.000|
Data_Out<8>   |        12.255(R)|      SLOW  |         4.160(R)|      FAST  |CLK_BUFGP         |   0.000|
Data_Out<9>   |        12.173(R)|      SLOW  |         4.135(R)|      FAST  |CLK_BUFGP         |   0.000|
Data_Out<10>  |        12.372(R)|      SLOW  |         4.199(R)|      FAST  |CLK_BUFGP         |   0.000|
Data_Out<11>  |        12.240(R)|      SLOW  |         4.188(R)|      FAST  |CLK_BUFGP         |   0.000|
Data_Out<12>  |        12.116(R)|      SLOW  |         4.161(R)|      FAST  |CLK_BUFGP         |   0.000|
Data_Out<13>  |        12.350(R)|      SLOW  |         4.294(R)|      FAST  |CLK_BUFGP         |   0.000|
Data_Out<14>  |        12.326(R)|      SLOW  |         4.191(R)|      FAST  |CLK_BUFGP         |   0.000|
Data_Out<15>  |        12.320(R)|      SLOW  |         4.127(R)|      FAST  |CLK_BUFGP         |   0.000|
Data_Out<16>  |        12.995(R)|      SLOW  |         4.493(R)|      FAST  |CLK_BUFGP         |   0.000|
Data_Out<17>  |        11.847(R)|      SLOW  |         3.958(R)|      FAST  |CLK_BUFGP         |   0.000|
Data_Out<18>  |        13.095(R)|      SLOW  |         4.600(R)|      FAST  |CLK_BUFGP         |   0.000|
Data_Out<19>  |        11.545(R)|      SLOW  |         3.935(R)|      FAST  |CLK_BUFGP         |   0.000|
Data_Out<20>  |        12.056(R)|      SLOW  |         4.089(R)|      FAST  |CLK_BUFGP         |   0.000|
Data_Out<21>  |        11.897(R)|      SLOW  |         4.065(R)|      FAST  |CLK_BUFGP         |   0.000|
Data_Out<22>  |        12.600(R)|      SLOW  |         4.222(R)|      FAST  |CLK_BUFGP         |   0.000|
Data_Out<23>  |        12.661(R)|      SLOW  |         4.295(R)|      FAST  |CLK_BUFGP         |   0.000|
Data_Out<24>  |        12.525(R)|      SLOW  |         4.279(R)|      FAST  |CLK_BUFGP         |   0.000|
Data_Out<25>  |        11.585(R)|      SLOW  |         3.964(R)|      FAST  |CLK_BUFGP         |   0.000|
Data_Out<26>  |        11.839(R)|      SLOW  |         3.972(R)|      FAST  |CLK_BUFGP         |   0.000|
Data_Out<27>  |        11.846(R)|      SLOW  |         4.023(R)|      FAST  |CLK_BUFGP         |   0.000|
Data_Out<28>  |        12.047(R)|      SLOW  |         4.090(R)|      FAST  |CLK_BUFGP         |   0.000|
Data_Out<29>  |        11.823(R)|      SLOW  |         4.003(R)|      FAST  |CLK_BUFGP         |   0.000|
Data_Out<30>  |        11.794(R)|      SLOW  |         4.014(R)|      FAST  |CLK_BUFGP         |   0.000|
Data_Out<31>  |        11.509(R)|      SLOW  |         3.889(R)|      FAST  |CLK_BUFGP         |   0.000|
--------------+-----------------+------------+-----------------+------------+------------------+--------+

Clock to Setup on destination clock CLK
---------------+---------+---------+---------+---------+
               | Src:Rise| Src:Fall| Src:Rise| Src:Fall|
Source Clock   |Dest:Rise|Dest:Rise|Dest:Fall|Dest:Fall|
---------------+---------+---------+---------+---------+
CLK            |   11.240|         |         |         |
---------------+---------+---------+---------+---------+

Pad to Pad
---------------+---------------+---------+
Source Pad     |Destination Pad|  Delay  |
---------------+---------------+---------+
Instr<0>       |Addr_Data<0>   |   13.787|
Instr<0>       |Addr_Data<1>   |   13.385|
Instr<0>       |Addr_Data<2>   |   14.250|
Instr<0>       |Addr_Data<3>   |   14.204|
Instr<0>       |Addr_Data<4>   |   13.463|
Instr<0>       |Addr_Data<5>   |   13.715|
Instr<0>       |Addr_Data<6>   |   14.673|
Instr<0>       |Addr_Data<7>   |   14.213|
Instr<0>       |Addr_Data<8>   |   14.218|
Instr<0>       |Addr_Data<9>   |   14.362|
Instr<0>       |Addr_Data<10>  |   14.784|
Instr<0>       |Addr_Data<11>  |   13.986|
Instr<0>       |Addr_Data<12>  |   14.679|
Instr<0>       |Addr_Data<13>  |   14.364|
Instr<0>       |Addr_Data<14>  |   14.411|
Instr<0>       |Addr_Data<15>  |   14.029|
Instr<0>       |Addr_Data<16>  |   15.387|
Instr<0>       |Addr_Data<17>  |   15.038|
Instr<0>       |Addr_Data<18>  |   14.054|
Instr<0>       |Addr_Data<19>  |   13.955|
Instr<0>       |Addr_Data<20>  |   14.486|
Instr<0>       |Addr_Data<21>  |   14.970|
Instr<0>       |Addr_Data<22>  |   15.336|
Instr<0>       |Addr_Data<23>  |   15.494|
Instr<0>       |Addr_Data<24>  |   14.981|
Instr<0>       |Addr_Data<25>  |   15.625|
Instr<0>       |Addr_Data<26>  |   15.898|
Instr<0>       |Addr_Data<27>  |   15.096|
Instr<0>       |Addr_Data<28>  |   15.244|
Instr<0>       |Addr_Data<29>  |   15.555|
Instr<0>       |Addr_Data<30>  |   14.938|
Instr<0>       |Addr_Data<31>  |   15.775|
Instr<1>       |Addr_Data<0>   |   13.180|
Instr<1>       |Addr_Data<1>   |   13.287|
Instr<1>       |Addr_Data<2>   |   13.957|
Instr<1>       |Addr_Data<3>   |   13.911|
Instr<1>       |Addr_Data<4>   |   13.372|
Instr<1>       |Addr_Data<5>   |   13.408|
Instr<1>       |Addr_Data<6>   |   14.123|
Instr<1>       |Addr_Data<7>   |   13.663|
Instr<1>       |Addr_Data<8>   |   13.925|
Instr<1>       |Addr_Data<9>   |   13.812|
Instr<1>       |Addr_Data<10>  |   14.234|
Instr<1>       |Addr_Data<11>  |   13.816|
Instr<1>       |Addr_Data<12>  |   14.386|
Instr<1>       |Addr_Data<13>  |   14.071|
Instr<1>       |Addr_Data<14>  |   13.861|
Instr<1>       |Addr_Data<15>  |   13.931|
Instr<1>       |Addr_Data<16>  |   14.780|
Instr<1>       |Addr_Data<17>  |   14.431|
Instr<1>       |Addr_Data<18>  |   13.447|
Instr<1>       |Addr_Data<19>  |   13.857|
Instr<1>       |Addr_Data<20>  |   13.879|
Instr<1>       |Addr_Data<21>  |   14.363|
Instr<1>       |Addr_Data<22>  |   14.729|
Instr<1>       |Addr_Data<23>  |   14.887|
Instr<1>       |Addr_Data<24>  |   14.374|
Instr<1>       |Addr_Data<25>  |   15.018|
Instr<1>       |Addr_Data<26>  |   15.291|
Instr<1>       |Addr_Data<27>  |   14.489|
Instr<1>       |Addr_Data<28>  |   14.637|
Instr<1>       |Addr_Data<29>  |   14.948|
Instr<1>       |Addr_Data<30>  |   14.331|
Instr<1>       |Addr_Data<31>  |   15.168|
Instr<2>       |Addr_Data<0>   |   13.222|
Instr<2>       |Addr_Data<1>   |   13.515|
Instr<2>       |Addr_Data<2>   |   13.773|
Instr<2>       |Addr_Data<3>   |   13.869|
Instr<2>       |Addr_Data<4>   |   13.593|
Instr<2>       |Addr_Data<5>   |   13.250|
Instr<2>       |Addr_Data<6>   |   13.796|
Instr<2>       |Addr_Data<7>   |   13.657|
Instr<2>       |Addr_Data<8>   |   13.921|
Instr<2>       |Addr_Data<9>   |   13.964|
Instr<2>       |Addr_Data<10>  |   13.907|
Instr<2>       |Addr_Data<11>  |   14.044|
Instr<2>       |Addr_Data<12>  |   14.202|
Instr<2>       |Addr_Data<13>  |   14.211|
Instr<2>       |Addr_Data<14>  |   13.998|
Instr<2>       |Addr_Data<15>  |   14.159|
Instr<2>       |Addr_Data<16>  |   14.759|
Instr<2>       |Addr_Data<17>  |   14.410|
Instr<2>       |Addr_Data<18>  |   13.578|
Instr<2>       |Addr_Data<19>  |   14.085|
Instr<2>       |Addr_Data<20>  |   13.858|
Instr<2>       |Addr_Data<21>  |   14.342|
Instr<2>       |Addr_Data<22>  |   14.708|
Instr<2>       |Addr_Data<23>  |   14.866|
Instr<2>       |Addr_Data<24>  |   14.353|
Instr<2>       |Addr_Data<25>  |   14.997|
Instr<2>       |Addr_Data<26>  |   15.270|
Instr<2>       |Addr_Data<27>  |   14.468|
Instr<2>       |Addr_Data<28>  |   14.616|
Instr<2>       |Addr_Data<29>  |   14.927|
Instr<2>       |Addr_Data<30>  |   14.310|
Instr<2>       |Addr_Data<31>  |   15.147|
Instr<3>       |Addr_Data<0>   |   14.190|
Instr<3>       |Addr_Data<1>   |   14.483|
Instr<3>       |Addr_Data<2>   |   14.676|
Instr<3>       |Addr_Data<3>   |   14.516|
Instr<3>       |Addr_Data<4>   |   14.561|
Instr<3>       |Addr_Data<5>   |   14.021|
Instr<3>       |Addr_Data<6>   |   14.705|
Instr<3>       |Addr_Data<7>   |   14.243|
Instr<3>       |Addr_Data<8>   |   14.889|
Instr<3>       |Addr_Data<9>   |   14.932|
Instr<3>       |Addr_Data<10>  |   14.627|
Instr<3>       |Addr_Data<11>  |   15.012|
Instr<3>       |Addr_Data<12>  |   15.105|
Instr<3>       |Addr_Data<13>  |   14.804|
Instr<3>       |Addr_Data<14>  |   14.966|
Instr<3>       |Addr_Data<15>  |   15.127|
Instr<3>       |Addr_Data<16>  |   15.281|
Instr<3>       |Addr_Data<17>  |   14.932|
Instr<3>       |Addr_Data<18>  |   14.546|
Instr<3>       |Addr_Data<19>  |   15.053|
Instr<3>       |Addr_Data<20>  |   14.380|
Instr<3>       |Addr_Data<21>  |   14.864|
Instr<3>       |Addr_Data<22>  |   15.230|
Instr<3>       |Addr_Data<23>  |   15.388|
Instr<3>       |Addr_Data<24>  |   14.875|
Instr<3>       |Addr_Data<25>  |   15.519|
Instr<3>       |Addr_Data<26>  |   15.792|
Instr<3>       |Addr_Data<27>  |   14.990|
Instr<3>       |Addr_Data<28>  |   15.138|
Instr<3>       |Addr_Data<29>  |   15.449|
Instr<3>       |Addr_Data<30>  |   14.832|
Instr<3>       |Addr_Data<31>  |   15.669|
Instr<4>       |Addr_Data<0>   |   14.492|
Instr<4>       |Addr_Data<1>   |   14.785|
Instr<4>       |Addr_Data<2>   |   14.978|
Instr<4>       |Addr_Data<3>   |   14.677|
Instr<4>       |Addr_Data<4>   |   14.863|
Instr<4>       |Addr_Data<5>   |   14.323|
Instr<4>       |Addr_Data<6>   |   15.007|
Instr<4>       |Addr_Data<7>   |   14.545|
Instr<4>       |Addr_Data<8>   |   15.191|
Instr<4>       |Addr_Data<9>   |   15.234|
Instr<4>       |Addr_Data<10>  |   14.929|
Instr<4>       |Addr_Data<11>  |   15.314|
Instr<4>       |Addr_Data<12>  |   15.407|
Instr<4>       |Addr_Data<13>  |   15.106|
Instr<4>       |Addr_Data<14>  |   15.268|
Instr<4>       |Addr_Data<15>  |   15.429|
Instr<4>       |Addr_Data<16>  |   15.240|
Instr<4>       |Addr_Data<17>  |   14.891|
Instr<4>       |Addr_Data<18>  |   14.848|
Instr<4>       |Addr_Data<19>  |   15.355|
Instr<4>       |Addr_Data<20>  |   14.441|
Instr<4>       |Addr_Data<21>  |   15.098|
Instr<4>       |Addr_Data<22>  |   15.189|
Instr<4>       |Addr_Data<23>  |   15.347|
Instr<4>       |Addr_Data<24>  |   14.881|
Instr<4>       |Addr_Data<25>  |   15.478|
Instr<4>       |Addr_Data<26>  |   15.751|
Instr<4>       |Addr_Data<27>  |   14.949|
Instr<4>       |Addr_Data<28>  |   15.097|
Instr<4>       |Addr_Data<29>  |   15.408|
Instr<4>       |Addr_Data<30>  |   14.791|
Instr<4>       |Addr_Data<31>  |   15.628|
Instr<5>       |Addr_Data<0>   |   14.633|
Instr<5>       |Addr_Data<1>   |   14.926|
Instr<5>       |Addr_Data<2>   |   15.119|
Instr<5>       |Addr_Data<3>   |   14.818|
Instr<5>       |Addr_Data<4>   |   15.004|
Instr<5>       |Addr_Data<5>   |   14.464|
Instr<5>       |Addr_Data<6>   |   15.148|
Instr<5>       |Addr_Data<7>   |   14.686|
Instr<5>       |Addr_Data<8>   |   15.332|
Instr<5>       |Addr_Data<9>   |   15.375|
Instr<5>       |Addr_Data<10>  |   15.070|
Instr<5>       |Addr_Data<11>  |   15.455|
Instr<5>       |Addr_Data<12>  |   15.548|
Instr<5>       |Addr_Data<13>  |   15.247|
Instr<5>       |Addr_Data<14>  |   15.409|
Instr<5>       |Addr_Data<15>  |   15.570|
Instr<5>       |Addr_Data<16>  |   15.374|
Instr<5>       |Addr_Data<17>  |   14.672|
Instr<5>       |Addr_Data<18>  |   14.989|
Instr<5>       |Addr_Data<19>  |   15.496|
Instr<5>       |Addr_Data<20>  |   14.582|
Instr<5>       |Addr_Data<21>  |   15.239|
Instr<5>       |Addr_Data<22>  |   14.970|
Instr<5>       |Addr_Data<23>  |   15.128|
Instr<5>       |Addr_Data<24>  |   15.022|
Instr<5>       |Addr_Data<25>  |   15.268|
Instr<5>       |Addr_Data<26>  |   15.532|
Instr<5>       |Addr_Data<27>  |   14.730|
Instr<5>       |Addr_Data<28>  |   14.878|
Instr<5>       |Addr_Data<29>  |   15.189|
Instr<5>       |Addr_Data<30>  |   14.572|
Instr<5>       |Addr_Data<31>  |   15.409|
Instr<6>       |Addr_Data<0>   |   12.841|
Instr<6>       |Addr_Data<6>   |   12.618|
Instr<6>       |Addr_Data<7>   |   12.202|
Instr<6>       |Addr_Data<8>   |   12.491|
Instr<6>       |Addr_Data<9>   |   12.657|
Instr<6>       |Addr_Data<10>  |   13.152|
Instr<6>       |Addr_Data<11>  |   12.632|
Instr<6>       |Addr_Data<12>  |   13.287|
Instr<6>       |Addr_Data<13>  |   12.801|
Instr<6>       |Addr_Data<14>  |   12.979|
Instr<6>       |Addr_Data<15>  |   12.752|
Instr<6>       |Addr_Data<16>  |   14.441|
Instr<6>       |Addr_Data<17>  |   14.092|
Instr<6>       |Addr_Data<18>  |   13.108|
Instr<6>       |Addr_Data<19>  |   13.037|
Instr<6>       |Addr_Data<20>  |   13.540|
Instr<6>       |Addr_Data<21>  |   14.024|
Instr<6>       |Addr_Data<22>  |   14.390|
Instr<6>       |Addr_Data<23>  |   14.548|
Instr<6>       |Addr_Data<24>  |   14.035|
Instr<6>       |Addr_Data<25>  |   14.679|
Instr<6>       |Addr_Data<26>  |   14.952|
Instr<6>       |Addr_Data<27>  |   14.150|
Instr<6>       |Addr_Data<28>  |   14.298|
Instr<6>       |Addr_Data<29>  |   14.609|
Instr<6>       |Addr_Data<30>  |   13.992|
Instr<6>       |Addr_Data<31>  |   14.829|
Instr<7>       |Addr_Data<0>   |   12.537|
Instr<7>       |Addr_Data<7>   |   12.127|
Instr<7>       |Addr_Data<8>   |   12.187|
Instr<7>       |Addr_Data<9>   |   12.353|
Instr<7>       |Addr_Data<10>  |   12.848|
Instr<7>       |Addr_Data<11>  |   12.328|
Instr<7>       |Addr_Data<12>  |   12.983|
Instr<7>       |Addr_Data<13>  |   12.497|
Instr<7>       |Addr_Data<14>  |   12.675|
Instr<7>       |Addr_Data<15>  |   12.296|
Instr<7>       |Addr_Data<16>  |   14.137|
Instr<7>       |Addr_Data<17>  |   13.788|
Instr<7>       |Addr_Data<18>  |   12.804|
Instr<7>       |Addr_Data<19>  |   12.499|
Instr<7>       |Addr_Data<20>  |   13.236|
Instr<7>       |Addr_Data<21>  |   13.720|
Instr<7>       |Addr_Data<22>  |   14.086|
Instr<7>       |Addr_Data<23>  |   14.244|
Instr<7>       |Addr_Data<24>  |   13.731|
Instr<7>       |Addr_Data<25>  |   14.375|
Instr<7>       |Addr_Data<26>  |   14.648|
Instr<7>       |Addr_Data<27>  |   13.846|
Instr<7>       |Addr_Data<28>  |   13.994|
Instr<7>       |Addr_Data<29>  |   14.305|
Instr<7>       |Addr_Data<30>  |   13.688|
Instr<7>       |Addr_Data<31>  |   14.525|
Instr<8>       |Addr_Data<0>   |   12.691|
Instr<8>       |Addr_Data<8>   |   11.948|
Instr<8>       |Addr_Data<9>   |   12.179|
Instr<8>       |Addr_Data<10>  |   12.892|
Instr<8>       |Addr_Data<11>  |   12.357|
Instr<8>       |Addr_Data<12>  |   13.137|
Instr<8>       |Addr_Data<13>  |   12.651|
Instr<8>       |Addr_Data<14>  |   12.829|
Instr<8>       |Addr_Data<15>  |   12.450|
Instr<8>       |Addr_Data<16>  |   14.291|
Instr<8>       |Addr_Data<17>  |   13.942|
Instr<8>       |Addr_Data<18>  |   12.958|
Instr<8>       |Addr_Data<19>  |   12.653|
Instr<8>       |Addr_Data<20>  |   13.390|
Instr<8>       |Addr_Data<21>  |   13.874|
Instr<8>       |Addr_Data<22>  |   14.240|
Instr<8>       |Addr_Data<23>  |   14.398|
Instr<8>       |Addr_Data<24>  |   13.885|
Instr<8>       |Addr_Data<25>  |   14.529|
Instr<8>       |Addr_Data<26>  |   14.802|
Instr<8>       |Addr_Data<27>  |   14.000|
Instr<8>       |Addr_Data<28>  |   14.148|
Instr<8>       |Addr_Data<29>  |   14.459|
Instr<8>       |Addr_Data<30>  |   13.842|
Instr<8>       |Addr_Data<31>  |   14.679|
Instr<9>       |Addr_Data<0>   |   13.184|
Instr<9>       |Addr_Data<9>   |   12.457|
Instr<9>       |Addr_Data<10>  |   13.400|
Instr<9>       |Addr_Data<11>  |   12.866|
Instr<9>       |Addr_Data<12>  |   13.630|
Instr<9>       |Addr_Data<13>  |   13.144|
Instr<9>       |Addr_Data<14>  |   13.322|
Instr<9>       |Addr_Data<15>  |   12.943|
Instr<9>       |Addr_Data<16>  |   14.784|
Instr<9>       |Addr_Data<17>  |   14.435|
Instr<9>       |Addr_Data<18>  |   13.451|
Instr<9>       |Addr_Data<19>  |   13.146|
Instr<9>       |Addr_Data<20>  |   13.883|
Instr<9>       |Addr_Data<21>  |   14.367|
Instr<9>       |Addr_Data<22>  |   14.733|
Instr<9>       |Addr_Data<23>  |   14.891|
Instr<9>       |Addr_Data<24>  |   14.378|
Instr<9>       |Addr_Data<25>  |   15.022|
Instr<9>       |Addr_Data<26>  |   15.295|
Instr<9>       |Addr_Data<27>  |   14.493|
Instr<9>       |Addr_Data<28>  |   14.641|
Instr<9>       |Addr_Data<29>  |   14.952|
Instr<9>       |Addr_Data<30>  |   14.335|
Instr<9>       |Addr_Data<31>  |   15.172|
Instr<10>      |Addr_Data<0>   |   12.268|
Instr<10>      |Addr_Data<10>  |   12.304|
Instr<10>      |Addr_Data<11>  |   11.814|
Instr<10>      |Addr_Data<12>  |   12.714|
Instr<10>      |Addr_Data<13>  |   12.228|
Instr<10>      |Addr_Data<14>  |   12.406|
Instr<10>      |Addr_Data<15>  |   12.027|
Instr<10>      |Addr_Data<16>  |   13.868|
Instr<10>      |Addr_Data<17>  |   13.519|
Instr<10>      |Addr_Data<18>  |   12.535|
Instr<10>      |Addr_Data<19>  |   12.307|
Instr<10>      |Addr_Data<20>  |   12.967|
Instr<10>      |Addr_Data<21>  |   13.451|
Instr<10>      |Addr_Data<22>  |   13.817|
Instr<10>      |Addr_Data<23>  |   13.975|
Instr<10>      |Addr_Data<24>  |   13.462|
Instr<10>      |Addr_Data<25>  |   14.106|
Instr<10>      |Addr_Data<26>  |   14.379|
Instr<10>      |Addr_Data<27>  |   13.577|
Instr<10>      |Addr_Data<28>  |   13.725|
Instr<10>      |Addr_Data<29>  |   14.036|
Instr<10>      |Addr_Data<30>  |   13.419|
Instr<10>      |Addr_Data<31>  |   14.256|
Instr<11>      |Addr_Data<0>   |   13.002|
Instr<11>      |Addr_Data<11>  |   12.441|
Instr<11>      |Addr_Data<12>  |   13.448|
Instr<11>      |Addr_Data<13>  |   12.962|
Instr<11>      |Addr_Data<14>  |   13.140|
Instr<11>      |Addr_Data<15>  |   12.761|
Instr<11>      |Addr_Data<16>  |   14.602|
Instr<11>      |Addr_Data<17>  |   14.253|
Instr<11>      |Addr_Data<18>  |   13.269|
Instr<11>      |Addr_Data<19>  |   12.964|
Instr<11>      |Addr_Data<20>  |   13.701|
Instr<11>      |Addr_Data<21>  |   14.185|
Instr<11>      |Addr_Data<22>  |   14.551|
Instr<11>      |Addr_Data<23>  |   14.709|
Instr<11>      |Addr_Data<24>  |   14.196|
Instr<11>      |Addr_Data<25>  |   14.840|
Instr<11>      |Addr_Data<26>  |   15.113|
Instr<11>      |Addr_Data<27>  |   14.311|
Instr<11>      |Addr_Data<28>  |   14.459|
Instr<11>      |Addr_Data<29>  |   14.770|
Instr<11>      |Addr_Data<30>  |   14.153|
Instr<11>      |Addr_Data<31>  |   14.990|
Instr<12>      |Addr_Data<0>   |   13.021|
Instr<12>      |Addr_Data<12>  |   13.074|
Instr<12>      |Addr_Data<13>  |   12.653|
Instr<12>      |Addr_Data<14>  |   13.049|
Instr<12>      |Addr_Data<15>  |   12.655|
Instr<12>      |Addr_Data<16>  |   14.621|
Instr<12>      |Addr_Data<17>  |   14.272|
Instr<12>      |Addr_Data<18>  |   13.288|
Instr<12>      |Addr_Data<19>  |   12.983|
Instr<12>      |Addr_Data<20>  |   13.720|
Instr<12>      |Addr_Data<21>  |   14.204|
Instr<12>      |Addr_Data<22>  |   14.570|
Instr<12>      |Addr_Data<23>  |   14.728|
Instr<12>      |Addr_Data<24>  |   14.215|
Instr<12>      |Addr_Data<25>  |   14.859|
Instr<12>      |Addr_Data<26>  |   15.132|
Instr<12>      |Addr_Data<27>  |   14.330|
Instr<12>      |Addr_Data<28>  |   14.478|
Instr<12>      |Addr_Data<29>  |   14.789|
Instr<12>      |Addr_Data<30>  |   14.172|
Instr<12>      |Addr_Data<31>  |   15.009|
Instr<13>      |Addr_Data<0>   |   12.354|
Instr<13>      |Addr_Data<13>  |   11.771|
Instr<13>      |Addr_Data<14>  |   12.397|
Instr<13>      |Addr_Data<15>  |   12.004|
Instr<13>      |Addr_Data<16>  |   13.954|
Instr<13>      |Addr_Data<17>  |   13.605|
Instr<13>      |Addr_Data<18>  |   12.621|
Instr<13>      |Addr_Data<19>  |   12.316|
Instr<13>      |Addr_Data<20>  |   13.053|
Instr<13>      |Addr_Data<21>  |   13.537|
Instr<13>      |Addr_Data<22>  |   13.903|
Instr<13>      |Addr_Data<23>  |   14.061|
Instr<13>      |Addr_Data<24>  |   13.548|
Instr<13>      |Addr_Data<25>  |   14.192|
Instr<13>      |Addr_Data<26>  |   14.465|
Instr<13>      |Addr_Data<27>  |   13.663|
Instr<13>      |Addr_Data<28>  |   13.811|
Instr<13>      |Addr_Data<29>  |   14.122|
Instr<13>      |Addr_Data<30>  |   13.505|
Instr<13>      |Addr_Data<31>  |   14.342|
Instr<14>      |Addr_Data<0>   |   12.476|
Instr<14>      |Addr_Data<14>  |   12.339|
Instr<14>      |Addr_Data<15>  |   11.990|
Instr<14>      |Addr_Data<16>  |   14.076|
Instr<14>      |Addr_Data<17>  |   13.727|
Instr<14>      |Addr_Data<18>  |   12.743|
Instr<14>      |Addr_Data<19>  |   12.438|
Instr<14>      |Addr_Data<20>  |   13.175|
Instr<14>      |Addr_Data<21>  |   13.659|
Instr<14>      |Addr_Data<22>  |   14.025|
Instr<14>      |Addr_Data<23>  |   14.183|
Instr<14>      |Addr_Data<24>  |   13.670|
Instr<14>      |Addr_Data<25>  |   14.314|
Instr<14>      |Addr_Data<26>  |   14.587|
Instr<14>      |Addr_Data<27>  |   13.785|
Instr<14>      |Addr_Data<28>  |   13.933|
Instr<14>      |Addr_Data<29>  |   14.244|
Instr<14>      |Addr_Data<30>  |   13.627|
Instr<14>      |Addr_Data<31>  |   14.464|
Instr<15>      |Addr_Data<0>   |   14.398|
Instr<15>      |Addr_Data<15>  |   12.790|
Instr<15>      |Addr_Data<16>  |   15.588|
Instr<15>      |Addr_Data<17>  |   15.304|
Instr<15>      |Addr_Data<18>  |   14.570|
Instr<15>      |Addr_Data<19>  |   14.251|
Instr<15>      |Addr_Data<20>  |   15.097|
Instr<15>      |Addr_Data<21>  |   15.581|
Instr<15>      |Addr_Data<22>  |   15.947|
Instr<15>      |Addr_Data<23>  |   16.105|
Instr<15>      |Addr_Data<24>  |   15.592|
Instr<15>      |Addr_Data<25>  |   16.236|
Instr<15>      |Addr_Data<26>  |   16.509|
Instr<15>      |Addr_Data<27>  |   15.707|
Instr<15>      |Addr_Data<28>  |   15.855|
Instr<15>      |Addr_Data<29>  |   16.166|
Instr<15>      |Addr_Data<30>  |   15.549|
Instr<15>      |Addr_Data<31>  |   16.386|
Instr<16>      |Addr_Data<0>   |   14.009|
Instr<16>      |Addr_Data<1>   |   12.845|
Instr<16>      |Addr_Data<2>   |   12.687|
Instr<16>      |Addr_Data<3>   |   12.928|
Instr<16>      |Addr_Data<4>   |   13.084|
Instr<16>      |Addr_Data<5>   |   13.340|
Instr<16>      |Addr_Data<6>   |   13.951|
Instr<16>      |Addr_Data<7>   |   13.490|
Instr<16>      |Addr_Data<8>   |   13.659|
Instr<16>      |Addr_Data<9>   |   13.825|
Instr<16>      |Addr_Data<10>  |   14.320|
Instr<16>      |Addr_Data<11>  |   13.800|
Instr<16>      |Addr_Data<12>  |   14.455|
Instr<16>      |Addr_Data<13>  |   13.969|
Instr<16>      |Addr_Data<14>  |   14.147|
Instr<16>      |Addr_Data<15>  |   14.017|
Instr<16>      |Addr_Data<16>  |   15.609|
Instr<16>      |Addr_Data<17>  |   15.260|
Instr<16>      |Addr_Data<18>  |   14.276|
Instr<16>      |Addr_Data<19>  |   14.302|
Instr<16>      |Addr_Data<20>  |   14.708|
Instr<16>      |Addr_Data<21>  |   15.192|
Instr<16>      |Addr_Data<22>  |   15.558|
Instr<16>      |Addr_Data<23>  |   15.716|
Instr<16>      |Addr_Data<24>  |   15.203|
Instr<16>      |Addr_Data<25>  |   15.847|
Instr<16>      |Addr_Data<26>  |   16.120|
Instr<16>      |Addr_Data<27>  |   15.318|
Instr<16>      |Addr_Data<28>  |   15.466|
Instr<16>      |Addr_Data<29>  |   15.777|
Instr<16>      |Addr_Data<30>  |   15.160|
Instr<16>      |Addr_Data<31>  |   15.997|
Instr<16>      |Data_Out<0>    |   11.029|
Instr<16>      |Data_Out<1>    |   10.831|
Instr<16>      |Data_Out<2>    |   10.776|
Instr<16>      |Data_Out<3>    |   10.712|
Instr<16>      |Data_Out<4>    |   11.293|
Instr<16>      |Data_Out<5>    |   11.294|
Instr<16>      |Data_Out<6>    |   11.128|
Instr<16>      |Data_Out<7>    |   10.681|
Instr<16>      |Data_Out<8>    |   10.754|
Instr<16>      |Data_Out<9>    |   10.670|
Instr<16>      |Data_Out<10>   |   11.066|
Instr<16>      |Data_Out<11>   |   10.927|
Instr<16>      |Data_Out<12>   |   10.516|
Instr<16>      |Data_Out<13>   |   10.759|
Instr<16>      |Data_Out<14>   |   10.719|
Instr<16>      |Data_Out<15>   |   10.711|
Instr<16>      |Data_Out<16>   |   11.538|
Instr<16>      |Data_Out<17>   |   10.383|
Instr<16>      |Data_Out<18>   |   11.311|
Instr<16>      |Data_Out<19>   |    9.770|
Instr<16>      |Data_Out<20>   |   10.265|
Instr<16>      |Data_Out<21>   |   10.104|
Instr<16>      |Data_Out<22>   |   10.979|
Instr<16>      |Data_Out<23>   |   11.033|
Instr<16>      |Data_Out<24>   |   10.919|
Instr<16>      |Data_Out<25>   |    9.988|
Instr<16>      |Data_Out<26>   |   10.226|
Instr<16>      |Data_Out<27>   |   10.231|
Instr<16>      |Data_Out<28>   |   10.427|
Instr<16>      |Data_Out<29>   |   10.196|
Instr<16>      |Data_Out<30>   |   10.314|
Instr<16>      |Data_Out<31>   |   10.027|
Instr<17>      |Addr_Data<0>   |   14.602|
Instr<17>      |Addr_Data<1>   |   13.406|
Instr<17>      |Addr_Data<2>   |   13.248|
Instr<17>      |Addr_Data<3>   |   13.489|
Instr<17>      |Addr_Data<4>   |   13.645|
Instr<17>      |Addr_Data<5>   |   13.901|
Instr<17>      |Addr_Data<6>   |   14.544|
Instr<17>      |Addr_Data<7>   |   14.083|
Instr<17>      |Addr_Data<8>   |   14.252|
Instr<17>      |Addr_Data<9>   |   14.418|
Instr<17>      |Addr_Data<10>  |   14.913|
Instr<17>      |Addr_Data<11>  |   14.393|
Instr<17>      |Addr_Data<12>  |   15.048|
Instr<17>      |Addr_Data<13>  |   14.562|
Instr<17>      |Addr_Data<14>  |   14.740|
Instr<17>      |Addr_Data<15>  |   14.610|
Instr<17>      |Addr_Data<16>  |   16.202|
Instr<17>      |Addr_Data<17>  |   15.853|
Instr<17>      |Addr_Data<18>  |   14.869|
Instr<17>      |Addr_Data<19>  |   14.895|
Instr<17>      |Addr_Data<20>  |   15.301|
Instr<17>      |Addr_Data<21>  |   15.785|
Instr<17>      |Addr_Data<22>  |   16.151|
Instr<17>      |Addr_Data<23>  |   16.309|
Instr<17>      |Addr_Data<24>  |   15.796|
Instr<17>      |Addr_Data<25>  |   16.440|
Instr<17>      |Addr_Data<26>  |   16.713|
Instr<17>      |Addr_Data<27>  |   15.911|
Instr<17>      |Addr_Data<28>  |   16.059|
Instr<17>      |Addr_Data<29>  |   16.370|
Instr<17>      |Addr_Data<30>  |   15.753|
Instr<17>      |Addr_Data<31>  |   16.590|
Instr<17>      |Data_Out<0>    |   11.590|
Instr<17>      |Data_Out<1>    |   11.396|
Instr<17>      |Data_Out<2>    |   11.343|
Instr<17>      |Data_Out<3>    |   11.279|
Instr<17>      |Data_Out<4>    |   11.886|
Instr<17>      |Data_Out<5>    |   11.887|
Instr<17>      |Data_Out<6>    |   11.782|
Instr<17>      |Data_Out<7>    |   11.339|
Instr<17>      |Data_Out<8>    |   11.414|
Instr<17>      |Data_Out<9>    |   11.330|
Instr<17>      |Data_Out<10>   |   11.890|
Instr<17>      |Data_Out<11>   |   11.751|
Instr<17>      |Data_Out<12>   |   11.193|
Instr<17>      |Data_Out<13>   |   11.440|
Instr<17>      |Data_Out<14>   |   11.402|
Instr<17>      |Data_Out<15>   |   11.394|
Instr<17>      |Data_Out<16>   |   12.200|
Instr<17>      |Data_Out<17>   |   11.045|
Instr<17>      |Data_Out<18>   |   12.170|
Instr<17>      |Data_Out<19>   |   10.633|
Instr<17>      |Data_Out<20>   |   11.130|
Instr<17>      |Data_Out<21>   |   10.969|
Instr<17>      |Data_Out<22>   |   11.384|
Instr<17>      |Data_Out<23>   |   11.438|
Instr<17>      |Data_Out<24>   |   11.835|
Instr<17>      |Data_Out<25>   |   10.908|
Instr<17>      |Data_Out<26>   |   11.148|
Instr<17>      |Data_Out<27>   |   11.153|
Instr<17>      |Data_Out<28>   |   11.364|
Instr<17>      |Data_Out<29>   |   11.133|
Instr<17>      |Data_Out<30>   |   11.103|
Instr<17>      |Data_Out<31>   |   10.816|
Instr<18>      |Addr_Data<0>   |   14.934|
Instr<18>      |Addr_Data<1>   |   13.992|
Instr<18>      |Addr_Data<2>   |   13.834|
Instr<18>      |Addr_Data<3>   |   14.075|
Instr<18>      |Addr_Data<4>   |   14.231|
Instr<18>      |Addr_Data<5>   |   14.487|
Instr<18>      |Addr_Data<6>   |   14.986|
Instr<18>      |Addr_Data<7>   |   14.540|
Instr<18>      |Addr_Data<8>   |   14.584|
Instr<18>      |Addr_Data<9>   |   14.750|
Instr<18>      |Addr_Data<10>  |   15.245|
Instr<18>      |Addr_Data<11>  |   14.725|
Instr<18>      |Addr_Data<12>  |   15.380|
Instr<18>      |Addr_Data<13>  |   14.894|
Instr<18>      |Addr_Data<14>  |   15.072|
Instr<18>      |Addr_Data<15>  |   14.846|
Instr<18>      |Addr_Data<16>  |   16.534|
Instr<18>      |Addr_Data<17>  |   16.185|
Instr<18>      |Addr_Data<18>  |   15.201|
Instr<18>      |Addr_Data<19>  |   15.131|
Instr<18>      |Addr_Data<20>  |   15.633|
Instr<18>      |Addr_Data<21>  |   16.117|
Instr<18>      |Addr_Data<22>  |   16.483|
Instr<18>      |Addr_Data<23>  |   16.641|
Instr<18>      |Addr_Data<24>  |   16.128|
Instr<18>      |Addr_Data<25>  |   16.772|
Instr<18>      |Addr_Data<26>  |   17.045|
Instr<18>      |Addr_Data<27>  |   16.243|
Instr<18>      |Addr_Data<28>  |   16.391|
Instr<18>      |Addr_Data<29>  |   16.702|
Instr<18>      |Addr_Data<30>  |   16.085|
Instr<18>      |Addr_Data<31>  |   16.922|
Instr<18>      |Data_Out<0>    |   12.176|
Instr<18>      |Data_Out<1>    |   11.980|
Instr<18>      |Data_Out<2>    |   11.931|
Instr<18>      |Data_Out<3>    |   11.869|
Instr<18>      |Data_Out<4>    |   12.122|
Instr<18>      |Data_Out<5>    |   12.123|
Instr<18>      |Data_Out<6>    |   12.437|
Instr<18>      |Data_Out<7>    |   11.992|
Instr<18>      |Data_Out<8>    |   12.071|
Instr<18>      |Data_Out<9>    |   11.989|
Instr<18>      |Data_Out<10>   |   12.080|
Instr<18>      |Data_Out<11>   |   11.941|
Instr<18>      |Data_Out<12>   |   11.832|
Instr<18>      |Data_Out<13>   |   12.077|
Instr<18>      |Data_Out<14>   |   12.043|
Instr<18>      |Data_Out<15>   |   12.037|
Instr<18>      |Data_Out<16>   |   12.562|
Instr<18>      |Data_Out<17>   |   11.407|
Instr<18>      |Data_Out<18>   |   12.661|
Instr<18>      |Data_Out<19>   |   11.122|
Instr<18>      |Data_Out<20>   |   11.623|
Instr<18>      |Data_Out<21>   |   11.464|
Instr<18>      |Data_Out<22>   |   12.028|
Instr<18>      |Data_Out<23>   |   12.082|
Instr<18>      |Data_Out<24>   |   12.141|
Instr<18>      |Data_Out<25>   |   11.212|
Instr<18>      |Data_Out<26>   |   11.456|
Instr<18>      |Data_Out<27>   |   11.463|
Instr<18>      |Data_Out<28>   |   11.935|
Instr<18>      |Data_Out<29>   |   11.704|
Instr<18>      |Data_Out<30>   |   11.706|
Instr<18>      |Data_Out<31>   |   11.421|
Instr<19>      |Addr_Data<0>   |   14.485|
Instr<19>      |Addr_Data<1>   |   13.493|
Instr<19>      |Addr_Data<2>   |   13.335|
Instr<19>      |Addr_Data<3>   |   13.576|
Instr<19>      |Addr_Data<4>   |   13.732|
Instr<19>      |Addr_Data<5>   |   13.988|
Instr<19>      |Addr_Data<6>   |   14.487|
Instr<19>      |Addr_Data<7>   |   14.041|
Instr<19>      |Addr_Data<8>   |   14.135|
Instr<19>      |Addr_Data<9>   |   14.301|
Instr<19>      |Addr_Data<10>  |   14.796|
Instr<19>      |Addr_Data<11>  |   14.276|
Instr<19>      |Addr_Data<12>  |   14.931|
Instr<19>      |Addr_Data<13>  |   14.445|
Instr<19>      |Addr_Data<14>  |   14.623|
Instr<19>      |Addr_Data<15>  |   14.493|
Instr<19>      |Addr_Data<16>  |   16.085|
Instr<19>      |Addr_Data<17>  |   15.736|
Instr<19>      |Addr_Data<18>  |   14.752|
Instr<19>      |Addr_Data<19>  |   14.778|
Instr<19>      |Addr_Data<20>  |   15.184|
Instr<19>      |Addr_Data<21>  |   15.668|
Instr<19>      |Addr_Data<22>  |   16.034|
Instr<19>      |Addr_Data<23>  |   16.192|
Instr<19>      |Addr_Data<24>  |   15.679|
Instr<19>      |Addr_Data<25>  |   16.323|
Instr<19>      |Addr_Data<26>  |   16.596|
Instr<19>      |Addr_Data<27>  |   15.794|
Instr<19>      |Addr_Data<28>  |   15.942|
Instr<19>      |Addr_Data<29>  |   16.253|
Instr<19>      |Addr_Data<30>  |   15.636|
Instr<19>      |Addr_Data<31>  |   16.473|
Instr<19>      |Data_Out<0>    |   11.677|
Instr<19>      |Data_Out<1>    |   11.479|
Instr<19>      |Data_Out<2>    |   11.429|
Instr<19>      |Data_Out<3>    |   11.367|
Instr<19>      |Data_Out<4>    |   11.769|
Instr<19>      |Data_Out<5>    |   11.770|
Instr<19>      |Data_Out<6>    |   11.798|
Instr<19>      |Data_Out<7>    |   11.351|
Instr<19>      |Data_Out<8>    |   11.429|
Instr<19>      |Data_Out<9>    |   11.347|
Instr<19>      |Data_Out<10>   |   11.680|
Instr<19>      |Data_Out<11>   |   11.541|
Instr<19>      |Data_Out<12>   |   11.237|
Instr<19>      |Data_Out<13>   |   11.480|
Instr<19>      |Data_Out<14>   |   11.445|
Instr<19>      |Data_Out<15>   |   11.439|
Instr<19>      |Data_Out<16>   |   12.163|
Instr<19>      |Data_Out<17>   |   11.008|
Instr<19>      |Data_Out<18>   |   12.580|
Instr<19>      |Data_Out<19>   |   11.039|
Instr<19>      |Data_Out<20>   |   11.318|
Instr<19>      |Data_Out<21>   |   11.159|
Instr<19>      |Data_Out<22>   |   11.872|
Instr<19>      |Data_Out<23>   |   11.926|
Instr<19>      |Data_Out<24>   |   10.951|
Instr<19>      |Data_Out<25>   |   10.020|
Instr<19>      |Data_Out<26>   |   10.263|
Instr<19>      |Data_Out<27>   |   10.270|
Instr<19>      |Data_Out<28>   |   10.481|
Instr<19>      |Data_Out<29>   |   10.250|
Instr<19>      |Data_Out<30>   |   10.225|
Instr<19>      |Data_Out<31>   |    9.940|
Instr<20>      |Addr_Data<0>   |   14.281|
Instr<20>      |Addr_Data<1>   |   13.233|
Instr<20>      |Addr_Data<2>   |   13.075|
Instr<20>      |Addr_Data<3>   |   13.316|
Instr<20>      |Addr_Data<4>   |   13.472|
Instr<20>      |Addr_Data<5>   |   13.728|
Instr<20>      |Addr_Data<6>   |   14.227|
Instr<20>      |Addr_Data<7>   |   13.796|
Instr<20>      |Addr_Data<8>   |   13.867|
Instr<20>      |Addr_Data<9>   |   14.033|
Instr<20>      |Addr_Data<10>  |   14.528|
Instr<20>      |Addr_Data<11>  |   14.008|
Instr<20>      |Addr_Data<12>  |   14.663|
Instr<20>      |Addr_Data<13>  |   14.177|
Instr<20>      |Addr_Data<14>  |   14.355|
Instr<20>      |Addr_Data<15>  |   14.261|
Instr<20>      |Addr_Data<16>  |   15.817|
Instr<20>      |Addr_Data<17>  |   15.468|
Instr<20>      |Addr_Data<18>  |   14.484|
Instr<20>      |Addr_Data<19>  |   14.546|
Instr<20>      |Addr_Data<20>  |   14.916|
Instr<20>      |Addr_Data<21>  |   15.400|
Instr<20>      |Addr_Data<22>  |   15.766|
Instr<20>      |Addr_Data<23>  |   15.924|
Instr<20>      |Addr_Data<24>  |   15.475|
Instr<20>      |Addr_Data<25>  |   16.119|
Instr<20>      |Addr_Data<26>  |   16.392|
Instr<20>      |Addr_Data<27>  |   15.590|
Instr<20>      |Addr_Data<28>  |   15.738|
Instr<20>      |Addr_Data<29>  |   16.049|
Instr<20>      |Addr_Data<30>  |   15.432|
Instr<20>      |Addr_Data<31>  |   16.269|
Instr<20>      |Data_Out<0>    |   11.417|
Instr<20>      |Data_Out<1>    |   11.253|
Instr<20>      |Data_Out<2>    |   11.184|
Instr<20>      |Data_Out<3>    |   11.155|
Instr<20>      |Data_Out<4>    |   11.501|
Instr<20>      |Data_Out<5>    |   11.538|
Instr<20>      |Data_Out<6>    |   11.870|
Instr<20>      |Data_Out<7>    |   11.457|
Instr<20>      |Data_Out<8>    |   11.516|
Instr<20>      |Data_Out<9>    |   11.467|
Instr<20>      |Data_Out<10>   |   11.323|
Instr<20>      |Data_Out<11>   |   11.220|
Instr<20>      |Data_Out<12>   |   11.051|
Instr<20>      |Data_Out<13>   |   11.328|
Instr<20>      |Data_Out<14>   |   11.274|
Instr<20>      |Data_Out<15>   |   11.301|
Instr<20>      |Data_Out<16>   |   12.125|
Instr<20>      |Data_Out<17>   |   11.006|
Instr<20>      |Data_Out<18>   |   12.182|
Instr<20>      |Data_Out<19>   |   10.675|
Instr<20>      |Data_Out<20>   |   11.156|
Instr<20>      |Data_Out<21>   |   11.030|
Instr<20>      |Data_Out<22>   |   11.733|
Instr<20>      |Data_Out<23>   |   11.823|
Instr<20>      |Data_Out<24>   |   10.594|
Instr<20>      |Data_Out<25>   |    9.697|
Instr<20>      |Data_Out<26>   |    9.921|
Instr<20>      |Data_Out<27>   |    9.961|
Instr<20>      |Data_Out<28>   |   10.325|
Instr<20>      |Data_Out<29>   |   10.130|
Instr<20>      |Data_Out<30>   |   10.071|
Instr<20>      |Data_Out<31>   |    9.819|
Instr<21>      |Addr_Data<0>   |   14.893|
Instr<21>      |Addr_Data<1>   |   13.616|
Instr<21>      |Addr_Data<2>   |   13.688|
Instr<21>      |Addr_Data<3>   |   13.930|
Instr<21>      |Addr_Data<4>   |   14.190|
Instr<21>      |Addr_Data<5>   |   14.446|
Instr<21>      |Addr_Data<6>   |   14.945|
Instr<21>      |Addr_Data<7>   |   14.499|
Instr<21>      |Addr_Data<8>   |   14.543|
Instr<21>      |Addr_Data<9>   |   14.709|
Instr<21>      |Addr_Data<10>  |   15.204|
Instr<21>      |Addr_Data<11>  |   14.684|
Instr<21>      |Addr_Data<12>  |   15.339|
Instr<21>      |Addr_Data<13>  |   14.853|
Instr<21>      |Addr_Data<14>  |   15.031|
Instr<21>      |Addr_Data<15>  |   14.652|
Instr<21>      |Addr_Data<16>  |   16.493|
Instr<21>      |Addr_Data<17>  |   16.144|
Instr<21>      |Addr_Data<18>  |   15.160|
Instr<21>      |Addr_Data<19>  |   14.877|
Instr<21>      |Addr_Data<20>  |   15.592|
Instr<21>      |Addr_Data<21>  |   16.076|
Instr<21>      |Addr_Data<22>  |   16.442|
Instr<21>      |Addr_Data<23>  |   16.600|
Instr<21>      |Addr_Data<24>  |   16.087|
Instr<21>      |Addr_Data<25>  |   16.731|
Instr<21>      |Addr_Data<26>  |   17.004|
Instr<21>      |Addr_Data<27>  |   16.202|
Instr<21>      |Addr_Data<28>  |   16.350|
Instr<21>      |Addr_Data<29>  |   16.661|
Instr<21>      |Addr_Data<30>  |   16.044|
Instr<21>      |Addr_Data<31>  |   16.881|
Instr<22>      |Addr_Data<0>   |   13.999|
Instr<22>      |Addr_Data<1>   |   12.720|
Instr<22>      |Addr_Data<2>   |   12.792|
Instr<22>      |Addr_Data<3>   |   13.034|
Instr<22>      |Addr_Data<4>   |   13.296|
Instr<22>      |Addr_Data<5>   |   13.552|
Instr<22>      |Addr_Data<6>   |   14.051|
Instr<22>      |Addr_Data<7>   |   13.605|
Instr<22>      |Addr_Data<8>   |   13.649|
Instr<22>      |Addr_Data<9>   |   13.815|
Instr<22>      |Addr_Data<10>  |   14.310|
Instr<22>      |Addr_Data<11>  |   13.790|
Instr<22>      |Addr_Data<12>  |   14.445|
Instr<22>      |Addr_Data<13>  |   13.959|
Instr<22>      |Addr_Data<14>  |   14.137|
Instr<22>      |Addr_Data<15>  |   13.758|
Instr<22>      |Addr_Data<16>  |   15.599|
Instr<22>      |Addr_Data<17>  |   15.250|
Instr<22>      |Addr_Data<18>  |   14.266|
Instr<22>      |Addr_Data<19>  |   13.983|
Instr<22>      |Addr_Data<20>  |   14.698|
Instr<22>      |Addr_Data<21>  |   15.182|
Instr<22>      |Addr_Data<22>  |   15.548|
Instr<22>      |Addr_Data<23>  |   15.706|
Instr<22>      |Addr_Data<24>  |   15.193|
Instr<22>      |Addr_Data<25>  |   15.837|
Instr<22>      |Addr_Data<26>  |   16.110|
Instr<22>      |Addr_Data<27>  |   15.308|
Instr<22>      |Addr_Data<28>  |   15.456|
Instr<22>      |Addr_Data<29>  |   15.767|
Instr<22>      |Addr_Data<30>  |   15.150|
Instr<22>      |Addr_Data<31>  |   15.987|
Instr<23>      |Addr_Data<0>   |   15.092|
Instr<23>      |Addr_Data<1>   |   13.809|
Instr<23>      |Addr_Data<2>   |   13.881|
Instr<23>      |Addr_Data<3>   |   14.123|
Instr<23>      |Addr_Data<4>   |   14.389|
Instr<23>      |Addr_Data<5>   |   14.645|
Instr<23>      |Addr_Data<6>   |   15.144|
Instr<23>      |Addr_Data<7>   |   14.698|
Instr<23>      |Addr_Data<8>   |   14.742|
Instr<23>      |Addr_Data<9>   |   14.908|
Instr<23>      |Addr_Data<10>  |   15.403|
Instr<23>      |Addr_Data<11>  |   14.883|
Instr<23>      |Addr_Data<12>  |   15.538|
Instr<23>      |Addr_Data<13>  |   15.052|
Instr<23>      |Addr_Data<14>  |   15.230|
Instr<23>      |Addr_Data<15>  |   14.851|
Instr<23>      |Addr_Data<16>  |   16.692|
Instr<23>      |Addr_Data<17>  |   16.343|
Instr<23>      |Addr_Data<18>  |   15.359|
Instr<23>      |Addr_Data<19>  |   15.076|
Instr<23>      |Addr_Data<20>  |   15.791|
Instr<23>      |Addr_Data<21>  |   16.275|
Instr<23>      |Addr_Data<22>  |   16.641|
Instr<23>      |Addr_Data<23>  |   16.799|
Instr<23>      |Addr_Data<24>  |   16.286|
Instr<23>      |Addr_Data<25>  |   16.930|
Instr<23>      |Addr_Data<26>  |   17.203|
Instr<23>      |Addr_Data<27>  |   16.401|
Instr<23>      |Addr_Data<28>  |   16.549|
Instr<23>      |Addr_Data<29>  |   16.860|
Instr<23>      |Addr_Data<30>  |   16.243|
Instr<23>      |Addr_Data<31>  |   17.080|
Instr<24>      |Addr_Data<0>   |   13.495|
Instr<24>      |Addr_Data<1>   |   12.126|
Instr<24>      |Addr_Data<2>   |   12.198|
Instr<24>      |Addr_Data<3>   |   12.440|
Instr<24>      |Addr_Data<4>   |   12.705|
Instr<24>      |Addr_Data<5>   |   12.961|
Instr<24>      |Addr_Data<6>   |   13.460|
Instr<24>      |Addr_Data<7>   |   13.014|
Instr<24>      |Addr_Data<8>   |   13.058|
Instr<24>      |Addr_Data<9>   |   13.224|
Instr<24>      |Addr_Data<10>  |   13.719|
Instr<24>      |Addr_Data<11>  |   13.199|
Instr<24>      |Addr_Data<12>  |   13.899|
Instr<24>      |Addr_Data<13>  |   13.413|
Instr<24>      |Addr_Data<14>  |   13.591|
Instr<24>      |Addr_Data<15>  |   13.375|
Instr<24>      |Addr_Data<16>  |   15.053|
Instr<24>      |Addr_Data<17>  |   14.704|
Instr<24>      |Addr_Data<18>  |   13.720|
Instr<24>      |Addr_Data<19>  |   13.660|
Instr<24>      |Addr_Data<20>  |   14.152|
Instr<24>      |Addr_Data<21>  |   14.636|
Instr<24>      |Addr_Data<22>  |   15.002|
Instr<24>      |Addr_Data<23>  |   15.160|
Instr<24>      |Addr_Data<24>  |   14.647|
Instr<24>      |Addr_Data<25>  |   15.291|
Instr<24>      |Addr_Data<26>  |   15.564|
Instr<24>      |Addr_Data<27>  |   14.762|
Instr<24>      |Addr_Data<28>  |   14.931|
Instr<24>      |Addr_Data<29>  |   15.242|
Instr<24>      |Addr_Data<30>  |   14.661|
Instr<24>      |Addr_Data<31>  |   15.483|
Instr<25>      |Addr_Data<0>   |   13.920|
Instr<25>      |Addr_Data<1>   |   12.657|
Instr<25>      |Addr_Data<2>   |   12.729|
Instr<25>      |Addr_Data<3>   |   12.971|
Instr<25>      |Addr_Data<4>   |   13.217|
Instr<25>      |Addr_Data<5>   |   13.473|
Instr<25>      |Addr_Data<6>   |   13.972|
Instr<25>      |Addr_Data<7>   |   13.526|
Instr<25>      |Addr_Data<8>   |   13.570|
Instr<25>      |Addr_Data<9>   |   13.736|
Instr<25>      |Addr_Data<10>  |   14.231|
Instr<25>      |Addr_Data<11>  |   13.711|
Instr<25>      |Addr_Data<12>  |   14.366|
Instr<25>      |Addr_Data<13>  |   13.880|
Instr<25>      |Addr_Data<14>  |   14.058|
Instr<25>      |Addr_Data<15>  |   13.719|
Instr<25>      |Addr_Data<16>  |   15.520|
Instr<25>      |Addr_Data<17>  |   15.171|
Instr<25>      |Addr_Data<18>  |   14.187|
Instr<25>      |Addr_Data<19>  |   14.004|
Instr<25>      |Addr_Data<20>  |   14.619|
Instr<25>      |Addr_Data<21>  |   15.103|
Instr<25>      |Addr_Data<22>  |   15.469|
Instr<25>      |Addr_Data<23>  |   15.627|
Instr<25>      |Addr_Data<24>  |   15.114|
Instr<25>      |Addr_Data<25>  |   15.758|
Instr<25>      |Addr_Data<26>  |   16.031|
Instr<25>      |Addr_Data<27>  |   15.229|
Instr<25>      |Addr_Data<28>  |   15.377|
Instr<25>      |Addr_Data<29>  |   15.688|
Instr<25>      |Addr_Data<30>  |   15.071|
Instr<25>      |Addr_Data<31>  |   15.908|
Instr<26>      |Addr_Data<0>   |   16.889|
Instr<26>      |Addr_Data<1>   |   16.456|
Instr<26>      |Addr_Data<2>   |   16.649|
Instr<26>      |Addr_Data<3>   |   16.348|
Instr<26>      |Addr_Data<4>   |   16.534|
Instr<26>      |Addr_Data<5>   |   15.994|
Instr<26>      |Addr_Data<6>   |   16.678|
Instr<26>      |Addr_Data<7>   |   16.216|
Instr<26>      |Addr_Data<8>   |   16.862|
Instr<26>      |Addr_Data<9>   |   16.905|
Instr<26>      |Addr_Data<10>  |   16.600|
Instr<26>      |Addr_Data<11>  |   16.985|
Instr<26>      |Addr_Data<12>  |   17.078|
Instr<26>      |Addr_Data<13>  |   16.777|
Instr<26>      |Addr_Data<14>  |   16.939|
Instr<26>      |Addr_Data<15>  |   17.100|
Instr<26>      |Addr_Data<16>  |   18.079|
Instr<26>      |Addr_Data<17>  |   17.795|
Instr<26>      |Addr_Data<18>  |   17.061|
Instr<26>      |Addr_Data<19>  |   17.026|
Instr<26>      |Addr_Data<20>  |   17.588|
Instr<26>      |Addr_Data<21>  |   18.072|
Instr<26>      |Addr_Data<22>  |   18.438|
Instr<26>      |Addr_Data<23>  |   18.596|
Instr<26>      |Addr_Data<24>  |   18.083|
Instr<26>      |Addr_Data<25>  |   18.727|
Instr<26>      |Addr_Data<26>  |   19.000|
Instr<26>      |Addr_Data<27>  |   18.198|
Instr<26>      |Addr_Data<28>  |   18.346|
Instr<26>      |Addr_Data<29>  |   18.657|
Instr<26>      |Addr_Data<30>  |   18.040|
Instr<26>      |Addr_Data<31>  |   18.877|
Instr<26>      |MemRead        |   10.844|
Instr<26>      |MemWrite       |    7.948|
Instr<27>      |Addr_Data<0>   |   16.221|
Instr<27>      |Addr_Data<1>   |   15.472|
Instr<27>      |Addr_Data<2>   |   15.665|
Instr<27>      |Addr_Data<3>   |   15.364|
Instr<27>      |Addr_Data<4>   |   15.550|
Instr<27>      |Addr_Data<5>   |   15.010|
Instr<27>      |Addr_Data<6>   |   15.694|
Instr<27>      |Addr_Data<7>   |   15.232|
Instr<27>      |Addr_Data<8>   |   15.878|
Instr<27>      |Addr_Data<9>   |   15.921|
Instr<27>      |Addr_Data<10>  |   15.616|
Instr<27>      |Addr_Data<11>  |   16.001|
Instr<27>      |Addr_Data<12>  |   16.094|
Instr<27>      |Addr_Data<13>  |   15.793|
Instr<27>      |Addr_Data<14>  |   15.955|
Instr<27>      |Addr_Data<15>  |   16.116|
Instr<27>      |Addr_Data<16>  |   17.411|
Instr<27>      |Addr_Data<17>  |   17.127|
Instr<27>      |Addr_Data<18>  |   16.393|
Instr<27>      |Addr_Data<19>  |   16.074|
Instr<27>      |Addr_Data<20>  |   16.920|
Instr<27>      |Addr_Data<21>  |   17.404|
Instr<27>      |Addr_Data<22>  |   17.770|
Instr<27>      |Addr_Data<23>  |   17.928|
Instr<27>      |Addr_Data<24>  |   17.415|
Instr<27>      |Addr_Data<25>  |   18.059|
Instr<27>      |Addr_Data<26>  |   18.332|
Instr<27>      |Addr_Data<27>  |   17.530|
Instr<27>      |Addr_Data<28>  |   17.678|
Instr<27>      |Addr_Data<29>  |   17.989|
Instr<27>      |Addr_Data<30>  |   17.372|
Instr<27>      |Addr_Data<31>  |   18.209|
Instr<27>      |MemRead        |   10.816|
Instr<27>      |MemWrite       |    8.017|
Instr<28>      |Addr_Data<0>   |   16.590|
Instr<28>      |Addr_Data<1>   |   16.883|
Instr<28>      |Addr_Data<2>   |   17.076|
Instr<28>      |Addr_Data<3>   |   16.775|
Instr<28>      |Addr_Data<4>   |   16.961|
Instr<28>      |Addr_Data<5>   |   16.421|
Instr<28>      |Addr_Data<6>   |   17.105|
Instr<28>      |Addr_Data<7>   |   16.643|
Instr<28>      |Addr_Data<8>   |   17.289|
Instr<28>      |Addr_Data<9>   |   17.332|
Instr<28>      |Addr_Data<10>  |   17.027|
Instr<28>      |Addr_Data<11>  |   17.412|
Instr<28>      |Addr_Data<12>  |   17.505|
Instr<28>      |Addr_Data<13>  |   17.204|
Instr<28>      |Addr_Data<14>  |   17.366|
Instr<28>      |Addr_Data<15>  |   17.527|
Instr<28>      |Addr_Data<16>  |   17.972|
Instr<28>      |Addr_Data<17>  |   17.623|
Instr<28>      |Addr_Data<18>  |   16.946|
Instr<28>      |Addr_Data<19>  |   17.453|
Instr<28>      |Addr_Data<20>  |   17.160|
Instr<28>      |Addr_Data<21>  |   17.644|
Instr<28>      |Addr_Data<22>  |   18.010|
Instr<28>      |Addr_Data<23>  |   18.168|
Instr<28>      |Addr_Data<24>  |   17.655|
Instr<28>      |Addr_Data<25>  |   18.299|
Instr<28>      |Addr_Data<26>  |   18.572|
Instr<28>      |Addr_Data<27>  |   17.770|
Instr<28>      |Addr_Data<28>  |   17.918|
Instr<28>      |Addr_Data<29>  |   18.229|
Instr<28>      |Addr_Data<30>  |   17.612|
Instr<28>      |Addr_Data<31>  |   18.449|
Instr<28>      |MemRead        |   11.145|
Instr<28>      |MemWrite       |    7.756|
Instr<29>      |Addr_Data<0>   |   16.696|
Instr<29>      |Addr_Data<1>   |   16.578|
Instr<29>      |Addr_Data<2>   |   16.771|
Instr<29>      |Addr_Data<3>   |   16.470|
Instr<29>      |Addr_Data<4>   |   16.656|
Instr<29>      |Addr_Data<5>   |   16.116|
Instr<29>      |Addr_Data<6>   |   16.800|
Instr<29>      |Addr_Data<7>   |   16.338|
Instr<29>      |Addr_Data<8>   |   16.984|
Instr<29>      |Addr_Data<9>   |   17.027|
Instr<29>      |Addr_Data<10>  |   16.722|
Instr<29>      |Addr_Data<11>  |   17.107|
Instr<29>      |Addr_Data<12>  |   17.200|
Instr<29>      |Addr_Data<13>  |   16.899|
Instr<29>      |Addr_Data<14>  |   17.061|
Instr<29>      |Addr_Data<15>  |   17.222|
Instr<29>      |Addr_Data<16>  |   17.886|
Instr<29>      |Addr_Data<17>  |   17.602|
Instr<29>      |Addr_Data<18>  |   16.868|
Instr<29>      |Addr_Data<19>  |   17.148|
Instr<29>      |Addr_Data<20>  |   17.395|
Instr<29>      |Addr_Data<21>  |   17.879|
Instr<29>      |Addr_Data<22>  |   18.245|
Instr<29>      |Addr_Data<23>  |   18.403|
Instr<29>      |Addr_Data<24>  |   17.890|
Instr<29>      |Addr_Data<25>  |   18.534|
Instr<29>      |Addr_Data<26>  |   18.807|
Instr<29>      |Addr_Data<27>  |   18.005|
Instr<29>      |Addr_Data<28>  |   18.153|
Instr<29>      |Addr_Data<29>  |   18.464|
Instr<29>      |Addr_Data<30>  |   17.847|
Instr<29>      |Addr_Data<31>  |   18.684|
Instr<29>      |MemRead        |   11.038|
Instr<29>      |MemWrite       |    7.539|
Instr<30>      |Addr_Data<0>   |   15.530|
Instr<30>      |Addr_Data<1>   |   15.650|
Instr<30>      |Addr_Data<2>   |   15.843|
Instr<30>      |Addr_Data<3>   |   15.542|
Instr<30>      |Addr_Data<4>   |   15.728|
Instr<30>      |Addr_Data<5>   |   15.188|
Instr<30>      |Addr_Data<6>   |   15.872|
Instr<30>      |Addr_Data<7>   |   15.410|
Instr<30>      |Addr_Data<8>   |   16.056|
Instr<30>      |Addr_Data<9>   |   16.099|
Instr<30>      |Addr_Data<10>  |   15.794|
Instr<30>      |Addr_Data<11>  |   16.179|
Instr<30>      |Addr_Data<12>  |   16.272|
Instr<30>      |Addr_Data<13>  |   15.971|
Instr<30>      |Addr_Data<14>  |   16.133|
Instr<30>      |Addr_Data<15>  |   16.294|
Instr<30>      |Addr_Data<16>  |   16.739|
Instr<30>      |Addr_Data<17>  |   16.436|
Instr<30>      |Addr_Data<18>  |   15.713|
Instr<30>      |Addr_Data<19>  |   16.220|
Instr<30>      |Addr_Data<20>  |   16.229|
Instr<30>      |Addr_Data<21>  |   16.713|
Instr<30>      |Addr_Data<22>  |   17.079|
Instr<30>      |Addr_Data<23>  |   17.237|
Instr<30>      |Addr_Data<24>  |   16.724|
Instr<30>      |Addr_Data<25>  |   17.368|
Instr<30>      |Addr_Data<26>  |   17.641|
Instr<30>      |Addr_Data<27>  |   16.839|
Instr<30>      |Addr_Data<28>  |   16.987|
Instr<30>      |Addr_Data<29>  |   17.298|
Instr<30>      |Addr_Data<30>  |   16.681|
Instr<30>      |Addr_Data<31>  |   17.518|
Instr<30>      |MemRead        |    9.995|
Instr<30>      |MemWrite       |    7.353|
Instr<31>      |Addr_Data<0>   |   16.855|
Instr<31>      |Addr_Data<1>   |   16.329|
Instr<31>      |Addr_Data<2>   |   16.522|
Instr<31>      |Addr_Data<3>   |   16.221|
Instr<31>      |Addr_Data<4>   |   16.407|
Instr<31>      |Addr_Data<5>   |   15.867|
Instr<31>      |Addr_Data<6>   |   16.551|
Instr<31>      |Addr_Data<7>   |   16.089|
Instr<31>      |Addr_Data<8>   |   16.735|
Instr<31>      |Addr_Data<9>   |   16.778|
Instr<31>      |Addr_Data<10>  |   16.473|
Instr<31>      |Addr_Data<11>  |   16.858|
Instr<31>      |Addr_Data<12>  |   16.951|
Instr<31>      |Addr_Data<13>  |   16.650|
Instr<31>      |Addr_Data<14>  |   16.812|
Instr<31>      |Addr_Data<15>  |   16.973|
Instr<31>      |Addr_Data<16>  |   18.045|
Instr<31>      |Addr_Data<17>  |   17.761|
Instr<31>      |Addr_Data<18>  |   17.027|
Instr<31>      |Addr_Data<19>  |   16.899|
Instr<31>      |Addr_Data<20>  |   17.554|
Instr<31>      |Addr_Data<21>  |   18.038|
Instr<31>      |Addr_Data<22>  |   18.404|
Instr<31>      |Addr_Data<23>  |   18.562|
Instr<31>      |Addr_Data<24>  |   18.049|
Instr<31>      |Addr_Data<25>  |   18.693|
Instr<31>      |Addr_Data<26>  |   18.966|
Instr<31>      |Addr_Data<27>  |   18.164|
Instr<31>      |Addr_Data<28>  |   18.312|
Instr<31>      |Addr_Data<29>  |   18.623|
Instr<31>      |Addr_Data<30>  |   18.006|
Instr<31>      |Addr_Data<31>  |   18.843|
Instr<31>      |MemRead        |   11.013|
Instr<31>      |MemWrite       |    7.349|
---------------+---------------+---------+


Analysis completed Wed Nov 12 11:57:39 2014 
--------------------------------------------------------------------------------

Trace Settings:
-------------------------
Trace Settings 

Peak Memory Usage: 668 MB



